[mcqs.learnuppakistan.com/index.html]
[backblue.gif]
[fade.gif]
[index.html]
[mcqs.learnuppakistan.com/public/favicon.ico]
[mcqs.learnuppakistan.com/public/favicon-32x32.png]
[mcqs.learnuppakistan.com/public/apple-touch-icon.png]
[cdn.jsdelivr.net/npm/canvas-confetti@1.6.0/dist/confetti.browser.min.js]
[mcqs.learnuppakistan.com/requests.html]
[mcqs.learnuppakistan.com/playlists.html]
[mcqs.learnuppakistan.com/mock-papers.html]
[mcqs.learnuppakistan.com/past-papers.html]
[mcqs.learnuppakistan.com/computer-science.html]
[mcqs.learnuppakistan.com/everyday-science.html]
[mcqs.learnuppakistan.com/general-knowledge.html]
[mcqs.learnuppakistan.com/islamic-studies.html]
[mcqs.learnuppakistan.com/pakistan-studies.html]
[mcqs.learnuppakistan.com/english.html]
[mcqs.learnuppakistan.com/public/logo-whiteae52.png]
[mcqs.learnuppakistan.com/privacy-policy.html]
[mcqs.learnuppakistan.com/terms-of-service.html]
[pagead2.googlesyndication.com/pagead/js/f1924.txt]
[mcqs.learnuppakistan.com/index.html]
[mcqs.learnuppakistan.com/requests.html]
[mcqs.learnuppakistan.com/playlists/fia-ad-2026.html]
[mcqs.learnuppakistan.com/playlists/css-mpt-2026.html]
[mcqs.learnuppakistan.com/playlists/pms-gk-2026.html]
[mcqs.learnuppakistan.com/playlists/tehsildar-ppsc.html]
[mcqs.learnuppakistan.com/playlists/punjab-police-si.html]
[mcqs.learnuppakistan.com/playlists/customs-inspector-fpsc.html]
[mcqs.learnuppakistan.com/playlists/asf-test-preparation.html]
[mcqs.learnuppakistan.com/playlists/ib-gd-preparation.html]
[mcqs.learnuppakistan.com/playlists/ppsc-assistant-general.html]
[mcqs.learnuppakistan.com/playlists/mod-analyst-2026.html]
[mcqs.learnuppakistan.com/playlists/mod-ad-2026.html]
[mcqs.learnuppakistan.com/playlists/mod-si-2026.html]
[mcqs.learnuppakistan.com/playlists/lat-preparation.html]
[mcqs.learnuppakistan.com/playlists/asf-assistant-director.html]
[mcqs.learnuppakistan.com/playlists/asf-inspector.html]
[mcqs.learnuppakistan.com/playlists.html]
[mcqs.learnuppakistan.com/mock-papers/fia-mock-exam-1.html]
[mcqs.learnuppakistan.com/mock-papers/fia-mock-exam-2.html]
[mcqs.learnuppakistan.com/mock-papers/deputy-accountant-3.html]
[mcqs.learnuppakistan.com/mock-papers/deputy-accountant-4.html]
[mcqs.learnuppakistan.com/mock-papers/deputy-accountant-5.html]
[mcqs.learnuppakistan.com/public/ads/eop-ad.jpg]
[mcqs.learnuppakistan.com/mock-papers.html]
[mcqs.learnuppakistan.com/past-papers.html]
[mcqs.learnuppakistan.com/computer-science/computer-fundamentals-hardware/set-1.html]
[mcqs.learnuppakistan.com/computer-science/computer-fundamentals-hardware/set-2.html]
[mcqs.learnuppakistan.com/computer-science/computer-fundamentals-hardware/set-3.html]
[mcqs.learnuppakistan.com/computer-science/computer-fundamentals-hardware/set-4.html]
[mcqs.learnuppakistan.com/computer-science/computer-fundamentals-hardware/set-5.html]
[mcqs.learnuppakistan.com/computer-science/computer-fundamentals-hardware/set-6.html]
[mcqs.learnuppakistan.com/computer-science/computer-fundamentals-hardware/set-7.html]
[mcqs.learnuppakistan.com/computer-science/computer-fundamentals-hardware/set-8.html]
[mcqs.learnuppakistan.com/computer-science/computer-fundamentals-hardware/set-9.html]
[mcqs.learnuppakistan.com/computer-science/computer-fundamentals-hardware/set-10.html]
[mcqs.learnuppakistan.com/computer-science/software-programming-applications/set-1.html]
[mcqs.learnuppakistan.com/computer-science/software-programming-applications/set-2.html]
[mcqs.learnuppakistan.com/computer-science/software-programming-applications/set-3.html]
[mcqs.learnuppakistan.com/computer-science/software-programming-applications/set-4.html]
[mcqs.learnuppakistan.com/computer-science/software-programming-applications/set-5.html]
[mcqs.learnuppakistan.com/computer-science/software-programming-applications/set-6.html]
[mcqs.learnuppakistan.com/computer-science/software-programming-applications/set-7.html]
[mcqs.learnuppakistan.com/computer-science/software-programming-applications/set-8.html]
[mcqs.learnuppakistan.com/computer-science/software-programming-applications/set-9.html]
[mcqs.learnuppakistan.com/computer-science/software-programming-applications/set-10.html]
[mcqs.learnuppakistan.com/computer-science/networking-databases-security-emerging/set-1.html]
[mcqs.learnuppakistan.com/computer-science/networking-databases-security-emerging/set-2.html]
[mcqs.learnuppakistan.com/computer-science/networking-databases-security-emerging/set-3.html]
[mcqs.learnuppakistan.com/computer-science/networking-databases-security-emerging/set-4.html]
[mcqs.learnuppakistan.com/computer-science/networking-databases-security-emerging/set-5.html]
[mcqs.learnuppakistan.com/computer-science/networking-databases-security-emerging/set-6.html]
[mcqs.learnuppakistan.com/computer-science/networking-databases-security-emerging/set-7.html]
[mcqs.learnuppakistan.com/computer-science/networking-databases-security-emerging/set-8.html]
[mcqs.learnuppakistan.com/computer-science/networking-databases-security-emerging/set-9.html]
[mcqs.learnuppakistan.com/computer-science.html]
[mcqs.learnuppakistan.com/computer-science/networking-databases-security-emerging/set-10.html]
[mcqs.learnuppakistan.com/everyday-science/biology-human-body/set-1.html]
[mcqs.learnuppakistan.com/everyday-science/biology-human-body/set-2.html]
[mcqs.learnuppakistan.com/everyday-science/biology-human-body/set-3.html]
[mcqs.learnuppakistan.com/everyday-science/biology-human-body/set-4.html]
[mcqs.learnuppakistan.com/everyday-science/biology-human-body/set-5.html]
[mcqs.learnuppakistan.com/everyday-science/biology-human-body/set-6.html]
[mcqs.learnuppakistan.com/everyday-science/biology-human-body/set-7.html]
[mcqs.learnuppakistan.com/everyday-science/biology-human-body/set-8.html]
[mcqs.learnuppakistan.com/everyday-science/biology-human-body/set-9.html]
[mcqs.learnuppakistan.com/everyday-science/biology-human-body/set-10.html]
[mcqs.learnuppakistan.com/everyday-science/earth-space-environment/set-1.html]
[mcqs.learnuppakistan.com/everyday-science/earth-space-environment/set-2.html]
[mcqs.learnuppakistan.com/everyday-science/earth-space-environment/set-3.html]
[mcqs.learnuppakistan.com/everyday-science/earth-space-environment/set-4.html]
[mcqs.learnuppakistan.com/everyday-science/earth-space-environment/set-5.html]
[mcqs.learnuppakistan.com/everyday-science/earth-space-environment/set-6.html]
[mcqs.learnuppakistan.com/everyday-science/earth-space-environment/set-7.html]
[mcqs.learnuppakistan.com/everyday-science/earth-space-environment/set-8.html]
[mcqs.learnuppakistan.com/everyday-science/earth-space-environment/set-9.html]
[mcqs.learnuppakistan.com/everyday-science/earth-space-environment/set-10.html]
[mcqs.learnuppakistan.com/everyday-science/physics-chemistry/set-1.html]
[mcqs.learnuppakistan.com/everyday-science/physics-chemistry/set-2.html]
[mcqs.learnuppakistan.com/everyday-science/physics-chemistry/set-3.html]
[mcqs.learnuppakistan.com/everyday-science/physics-chemistry/set-4.html]
[mcqs.learnuppakistan.com/everyday-science/physics-chemistry/set-5.html]
[mcqs.learnuppakistan.com/everyday-science/physics-chemistry/set-6.html]
[mcqs.learnuppakistan.com/everyday-science/physics-chemistry/set-7.html]
[mcqs.learnuppakistan.com/everyday-science/physics-chemistry/set-8.html]
[mcqs.learnuppakistan.com/everyday-science/physics-chemistry/set-9.html]
[mcqs.learnuppakistan.com/everyday-science.html]
[mcqs.learnuppakistan.com/everyday-science/physics-chemistry/set-10.html]
[mcqs.learnuppakistan.com/general-knowledge/world-geography/set-1.html]
[mcqs.learnuppakistan.com/general-knowledge/world-geography/set-2.html]
[mcqs.learnuppakistan.com/general-knowledge/world-geography/set-3.html]
[mcqs.learnuppakistan.com/general-knowledge/world-geography/set-4.html]
[mcqs.learnuppakistan.com/general-knowledge/world-geography/set-5.html]
[mcqs.learnuppakistan.com/general-knowledge/world-geography/set-6.html]
[mcqs.learnuppakistan.com/general-knowledge/world-geography/set-7.html]
[mcqs.learnuppakistan.com/general-knowledge/world-geography/set-8.html]
[mcqs.learnuppakistan.com/general-knowledge/world-geography/set-9.html]
[mcqs.learnuppakistan.com/general-knowledge/world-geography/set-10.html]
[mcqs.learnuppakistan.com/general-knowledge/world-history-international/set-1.html]
[mcqs.learnuppakistan.com/general-knowledge/world-history-international/set-2.html]
[mcqs.learnuppakistan.com/general-knowledge/world-history-international/set-3.html]
[mcqs.learnuppakistan.com/general-knowledge/world-history-international/set-4.html]
[mcqs.learnuppakistan.com/general-knowledge/world-history-international/set-5.html]
[mcqs.learnuppakistan.com/general-knowledge/world-history-international/set-6.html]
[mcqs.learnuppakistan.com/general-knowledge/world-history-international/set-7.html]
[mcqs.learnuppakistan.com/general-knowledge/world-history-international/set-8.html]
[mcqs.learnuppakistan.com/general-knowledge/world-history-international/set-9.html]
[mcqs.learnuppakistan.com/general-knowledge/world-history-international/set-10.html]
[mcqs.learnuppakistan.com/general-knowledge/sports-science-awards-culture/set-1.html]
[mcqs.learnuppakistan.com/general-knowledge/sports-science-awards-culture/set-2.html]
[mcqs.learnuppakistan.com/general-knowledge/sports-science-awards-culture/set-3.html]
[mcqs.learnuppakistan.com/general-knowledge/sports-science-awards-culture/set-4.html]
[mcqs.learnuppakistan.com/general-knowledge/sports-science-awards-culture/set-5.html]
[mcqs.learnuppakistan.com/general-knowledge/sports-science-awards-culture/set-6.html]
[mcqs.learnuppakistan.com/general-knowledge/sports-science-awards-culture/set-7.html]
[mcqs.learnuppakistan.com/general-knowledge/sports-science-awards-culture/set-8.html]
[mcqs.learnuppakistan.com/general-knowledge/sports-science-awards-culture/set-9.html]
[mcqs.learnuppakistan.com/general-knowledge/sports-science-awards-culture/set-10.html]
[mcqs.learnuppakistan.com/general-knowledge.html]
[mcqs.learnuppakistan.com/islamic-studies/islamic-culture-society/set-1.html]
[mcqs.learnuppakistan.com/islamic-studies/islamic-culture-society/set-2.html]
[mcqs.learnuppakistan.com/islamic-studies/islamic-culture-society/set-3.html]
[mcqs.learnuppakistan.com/islamic-studies/islamic-culture-society/set-4.html]
[mcqs.learnuppakistan.com/islamic-studies/islamic-culture-society/set-5.html]
[mcqs.learnuppakistan.com/islamic-studies/islamic-culture-society/set-6.html]
[mcqs.learnuppakistan.com/islamic-studies/islamic-culture-society/set-7.html]
[mcqs.learnuppakistan.com/islamic-studies/islamic-culture-society/set-8.html]
[mcqs.learnuppakistan.com/islamic-studies/islamic-culture-society/set-9.html]
[mcqs.learnuppakistan.com/islamic-studies/islamic-culture-society/set-10.html]
[mcqs.learnuppakistan.com/islamic-studies/prophets-islamic-history/set-1.html]
[mcqs.learnuppakistan.com/islamic-studies/prophets-islamic-history/set-2.html]
[mcqs.learnuppakistan.com/islamic-studies/prophets-islamic-history/set-3.html]
[mcqs.learnuppakistan.com/islamic-studies/prophets-islamic-history/set-4.html]
[mcqs.learnuppakistan.com/islamic-studies/prophets-islamic-history/set-5.html]
[mcqs.learnuppakistan.com/islamic-studies/prophets-islamic-history/set-6.html]
[mcqs.learnuppakistan.com/islamic-studies/prophets-islamic-history/set-7.html]
[mcqs.learnuppakistan.com/islamic-studies/prophets-islamic-history/set-8.html]
[mcqs.learnuppakistan.com/islamic-studies/prophets-islamic-history/set-9.html]
[mcqs.learnuppakistan.com/islamic-studies/prophets-islamic-history/set-10.html]
[mcqs.learnuppakistan.com/islamic-studies/quran-hadith-beliefs/set-1.html]
[mcqs.learnuppakistan.com/islamic-studies/quran-hadith-beliefs/set-2.html]
[mcqs.learnuppakistan.com/islamic-studies/quran-hadith-beliefs/set-3.html]
[mcqs.learnuppakistan.com/islamic-studies/quran-hadith-beliefs/set-4.html]
[mcqs.learnuppakistan.com/islamic-studies/quran-hadith-beliefs/set-5.html]
[mcqs.learnuppakistan.com/islamic-studies/quran-hadith-beliefs/set-6.html]
[mcqs.learnuppakistan.com/islamic-studies/quran-hadith-beliefs/set-7.html]
[mcqs.learnuppakistan.com/islamic-studies/quran-hadith-beliefs/set-8.html]
[mcqs.learnuppakistan.com/islamic-studies/quran-hadith-beliefs/set-9.html]
[mcqs.learnuppakistan.com/islamic-studies/quran-hadith-beliefs/set-10.html]
[mcqs.learnuppakistan.com/islamic-studies.html]
[mcqs.learnuppakistan.com/pakistan-studies/constitutional-history-politics/set-1.html]
[mcqs.learnuppakistan.com/pakistan-studies/constitutional-history-politics/set-2.html]
[mcqs.learnuppakistan.com/pakistan-studies/constitutional-history-politics/set-3.html]
[mcqs.learnuppakistan.com/pakistan-studies/constitutional-history-politics/set-4.html]
[mcqs.learnuppakistan.com/pakistan-studies/constitutional-history-politics/set-5.html]
[mcqs.learnuppakistan.com/pakistan-studies/constitutional-history-politics/set-6.html]
[mcqs.learnuppakistan.com/pakistan-studies/constitutional-history-politics/set-7.html]
[mcqs.learnuppakistan.com/pakistan-studies/constitutional-history-politics/set-8.html]
[mcqs.learnuppakistan.com/pakistan-studies/constitutional-history-politics/set-9.html]
[mcqs.learnuppakistan.com/pakistan-studies/constitutional-history-politics/set-10.html]
[mcqs.learnuppakistan.com/pakistan-studies/culture-heritage-society/set-1.html]
[mcqs.learnuppakistan.com/pakistan-studies/culture-heritage-society/set-2.html]
[mcqs.learnuppakistan.com/pakistan-studies/culture-heritage-society/set-3.html]
[mcqs.learnuppakistan.com/pakistan-studies/culture-heritage-society/set-4.html]
[mcqs.learnuppakistan.com/pakistan-studies/culture-heritage-society/set-5.html]
[mcqs.learnuppakistan.com/pakistan-studies/culture-heritage-society/set-6.html]
[mcqs.learnuppakistan.com/pakistan-studies/culture-heritage-society/set-7.html]
[mcqs.learnuppakistan.com/pakistan-studies/culture-heritage-society/set-8.html]
[mcqs.learnuppakistan.com/pakistan-studies/culture-heritage-society/set-9.html]
[mcqs.learnuppakistan.com/pakistan-studies/culture-heritage-society/set-10.html]
[mcqs.learnuppakistan.com/pakistan-studies/geography-environment/set-1.html]
[mcqs.learnuppakistan.com/pakistan-studies/geography-environment/set-2.html]
[mcqs.learnuppakistan.com/pakistan-studies/geography-environment/set-3.html]
[mcqs.learnuppakistan.com/pakistan-studies/geography-environment/set-4.html]
[mcqs.learnuppakistan.com/pakistan-studies/geography-environment/set-5.html]
[mcqs.learnuppakistan.com/pakistan-studies/geography-environment/set-6.html]
[mcqs.learnuppakistan.com/pakistan-studies/geography-environment/set-7.html]
[mcqs.learnuppakistan.com/pakistan-studies/geography-environment/set-8.html]
[mcqs.learnuppakistan.com/pakistan-studies/geography-environment/set-9.html]
[mcqs.learnuppakistan.com/pakistan-studies.html]
[mcqs.learnuppakistan.com/pakistan-studies/geography-environment/set-10.html]
[mcqs.learnuppakistan.com/english/analogies/set-1.html]
[mcqs.learnuppakistan.com/english/analogies/set-2.html]
[mcqs.learnuppakistan.com/english/antonyms/set-1.html]
[mcqs.learnuppakistan.com/english/antonyms/set-2.html]
[mcqs.learnuppakistan.com/english/conceptual-vocabulary/set-1.html]
[mcqs.learnuppakistan.com/english/conceptual-vocabulary/set-2.html]
[mcqs.learnuppakistan.com/english/conditionals/set-1.html]
[mcqs.learnuppakistan.com/english/conditionals/set-2.html]
[mcqs.learnuppakistan.com/english/conditionals/set-3.html]
[mcqs.learnuppakistan.com/english/functions/set-1.html]
[mcqs.learnuppakistan.com/english/functions/set-2.html]
[mcqs.learnuppakistan.com/english/functions/set-3.html]
[mcqs.learnuppakistan.com/english/parts-of-speech/set-1.html]
[mcqs.learnuppakistan.com/english/parts-of-speech/set-2.html]
[mcqs.learnuppakistan.com/english/parts-of-speech/set-3.html]
[mcqs.learnuppakistan.com/english/prefixes/set-1.html]
[mcqs.learnuppakistan.com/english/prefixes/set-2.html]
[mcqs.learnuppakistan.com/english/suffixes/set-1.html]
[mcqs.learnuppakistan.com/english/suffixes/set-2.html]
[mcqs.learnuppakistan.com/english.html]
[mcqs.learnuppakistan.com/privacy-policy.html]
[mcqs.learnuppakistan.com/terms-of-service.html]
[mcqs.learnuppakistan.com/playlists/fia-ad-2026.html]
[mcqs.learnuppakistan.com/playlists/css-mpt-2026.html]
[mcqs.learnuppakistan.com/playlists/pms-gk-2026.html]
[mcqs.learnuppakistan.com/playlists/tehsildar-ppsc.html]
[mcqs.learnuppakistan.com/playlists/punjab-police-si.html]
[mcqs.learnuppakistan.com/english/suffixes/set-3.html]
[mcqs.learnuppakistan.com/playlists/customs-inspector-fpsc.html]
[mcqs.learnuppakistan.com/playlists/asf-test-preparation.html]
[mcqs.learnuppakistan.com/playlists/ib-gd-preparation.html]
[mcqs.learnuppakistan.com/playlists/ppsc-assistant-general.html]
[mcqs.learnuppakistan.com/playlists/mod-analyst-2026.html]
[mcqs.learnuppakistan.com/playlists/mod-ad-2026.html]
[mcqs.learnuppakistan.com/playlists/mod-si-2026.html]
[mcqs.learnuppakistan.com/playlists/lat-preparation.html]
[mcqs.learnuppakistan.com/playlists/asf-assistant-director.html]
[mcqs.learnuppakistan.com/playlists/asf-inspector.html]
[mcqs.learnuppakistan.com/mock-papers/fia-mock-exam-1.html]
[mcqs.learnuppakistan.com/mock-papers/fia-mock-exam-2.html]
[mcqs.learnuppakistan.com/mock-papers/deputy-accountant-3.html]
[mcqs.learnuppakistan.com/mock-papers/deputy-accountant-4.html]
[mcqs.learnuppakistan.com/mock-papers/deputy-accountant-5.html]
[mcqs.learnuppakistan.com/computer-science/computer-fundamentals-hardware/set-1.html]
[mcqs.learnuppakistan.com/computer-science/computer-fundamentals-hardware/set-2.html]
[mcqs.learnuppakistan.com/computer-science/computer-fundamentals-hardware/set-3.html]
[mcqs.learnuppakistan.com/computer-science/computer-fundamentals-hardware/set-4.html]
[mcqs.learnuppakistan.com/computer-science/computer-fundamentals-hardware/set-5.html]
[mcqs.learnuppakistan.com/computer-science/computer-fundamentals-hardware/set-6.html]
[mcqs.learnuppakistan.com/computer-science/computer-fundamentals-hardware/set-7.html]
[mcqs.learnuppakistan.com/computer-science/computer-fundamentals-hardware/set-8.html]
[mcqs.learnuppakistan.com/computer-science/computer-fundamentals-hardware/set-9.html]
[mcqs.learnuppakistan.com/computer-science/computer-fundamentals-hardware/set-10.html]
[mcqs.learnuppakistan.com/computer-science/software-programming-applications/set-1.html]
[mcqs.learnuppakistan.com/computer-science/software-programming-applications/set-2.html]
[mcqs.learnuppakistan.com/computer-science/software-programming-applications/set-3.html]
[mcqs.learnuppakistan.com/computer-science/software-programming-applications/set-4.html]
[mcqs.learnuppakistan.com/computer-science/software-programming-applications/set-5.html]
[mcqs.learnuppakistan.com/computer-science/software-programming-applications/set-6.html]
[mcqs.learnuppakistan.com/computer-science/software-programming-applications/set-7.html]
[mcqs.learnuppakistan.com/computer-science/software-programming-applications/set-8.html]
[mcqs.learnuppakistan.com/computer-science/software-programming-applications/set-9.html]
[mcqs.learnuppakistan.com/computer-science/software-programming-applications/set-10.html]
[mcqs.learnuppakistan.com/computer-science/networking-databases-security-emerging/set-1.html]
[mcqs.learnuppakistan.com/computer-science/networking-databases-security-emerging/set-2.html]
[mcqs.learnuppakistan.com/computer-science/networking-databases-security-emerging/set-3.html]
[mcqs.learnuppakistan.com/computer-science/networking-databases-security-emerging/set-4.html]
[mcqs.learnuppakistan.com/computer-science/networking-databases-security-emerging/set-5.html]
[mcqs.learnuppakistan.com/computer-science/networking-databases-security-emerging/set-6.html]
[mcqs.learnuppakistan.com/computer-science/networking-databases-security-emerging/set-7.html]
[mcqs.learnuppakistan.com/computer-science/networking-databases-security-emerging/set-8.html]
[mcqs.learnuppakistan.com/computer-science/networking-databases-security-emerging/set-9.html]
[mcqs.learnuppakistan.com/computer-science/networking-databases-security-emerging/set-10.html]
[mcqs.learnuppakistan.com/everyday-science/biology-human-body/set-1.html]
[mcqs.learnuppakistan.com/everyday-science/biology-human-body/set-2.html]
[mcqs.learnuppakistan.com/everyday-science/biology-human-body/set-3.html]
[mcqs.learnuppakistan.com/everyday-science/biology-human-body/set-4.html]
[mcqs.learnuppakistan.com/everyday-science/biology-human-body/set-5.html]
[mcqs.learnuppakistan.com/everyday-science/biology-human-body/set-6.html]
[mcqs.learnuppakistan.com/everyday-science/biology-human-body/set-7.html]
[mcqs.learnuppakistan.com/everyday-science/biology-human-body/set-8.html]
[mcqs.learnuppakistan.com/everyday-science/biology-human-body/set-9.html]
[mcqs.learnuppakistan.com/everyday-science/biology-human-body/set-10.html]
[mcqs.learnuppakistan.com/everyday-science/earth-space-environment/set-1.html]
[mcqs.learnuppakistan.com/everyday-science/earth-space-environment/set-2.html]
[mcqs.learnuppakistan.com/everyday-science/earth-space-environment/set-3.html]
[mcqs.learnuppakistan.com/everyday-science/earth-space-environment/set-4.html]
[mcqs.learnuppakistan.com/everyday-science/earth-space-environment/set-5.html]
[mcqs.learnuppakistan.com/everyday-science/earth-space-environment/set-6.html]
[mcqs.learnuppakistan.com/everyday-science/earth-space-environment/set-7.html]
[mcqs.learnuppakistan.com/everyday-science/earth-space-environment/set-8.html]
[mcqs.learnuppakistan.com/everyday-science/earth-space-environment/set-9.html]
[mcqs.learnuppakistan.com/everyday-science/earth-space-environment/set-10.html]
[mcqs.learnuppakistan.com/everyday-science/physics-chemistry/set-1.html]
[html2canvas.hertzen.com/dist/html2canvas.min.js]
[mcqs.learnuppakistan.com/everyday-science/physics-chemistry/set-2.html]
[mcqs.learnuppakistan.com/everyday-science/physics-chemistry/set-3.html]
[mcqs.learnuppakistan.com/everyday-science/physics-chemistry/set-4.html]
[mcqs.learnuppakistan.com/everyday-science/physics-chemistry/set-5.html]
[mcqs.learnuppakistan.com/everyday-science/physics-chemistry/set-6.html]
[mcqs.learnuppakistan.com/everyday-science/physics-chemistry/set-7.html]
[mcqs.learnuppakistan.com/everyday-science/physics-chemistry/set-8.html]
[mcqs.learnuppakistan.com/everyday-science/physics-chemistry/set-9.html]
[mcqs.learnuppakistan.com/everyday-science/physics-chemistry/set-10.html]
[mcqs.learnuppakistan.com/general-knowledge/world-geography/set-1.html]
[mcqs.learnuppakistan.com/general-knowledge/world-geography/set-2.html]
[mcqs.learnuppakistan.com/general-knowledge/world-geography/set-3.html]
[mcqs.learnuppakistan.com/general-knowledge/world-geography/set-4.html]
[mcqs.learnuppakistan.com/general-knowledge/world-geography/set-5.html]
[mcqs.learnuppakistan.com/general-knowledge/world-geography/set-6.html]
[mcqs.learnuppakistan.com/general-knowledge/world-geography/set-7.html]
[mcqs.learnuppakistan.com/general-knowledge/world-geography/set-8.html]
[mcqs.learnuppakistan.com/general-knowledge/world-geography/set-9.html]
[mcqs.learnuppakistan.com/general-knowledge/world-geography/set-10.html]
[mcqs.learnuppakistan.com/general-knowledge/world-history-international/set-1.html]
[mcqs.learnuppakistan.com/general-knowledge/world-history-international/set-2.html]
[mcqs.learnuppakistan.com/general-knowledge/world-history-international/set-3.html]
[mcqs.learnuppakistan.com/general-knowledge/world-history-international/set-4.html]
[mcqs.learnuppakistan.com/general-knowledge/world-history-international/set-5.html]
[mcqs.learnuppakistan.com/general-knowledge/world-history-international/set-6.html]
[mcqs.learnuppakistan.com/general-knowledge/world-history-international/set-7.html]
[mcqs.learnuppakistan.com/general-knowledge/world-history-international/set-8.html]
[mcqs.learnuppakistan.com/general-knowledge/world-history-international/set-9.html]
[mcqs.learnuppakistan.com/general-knowledge/world-history-international/set-10.html]
[mcqs.learnuppakistan.com/general-knowledge/sports-science-awards-culture/set-1.html]
[mcqs.learnuppakistan.com/general-knowledge/sports-science-awards-culture/set-2.html]
[mcqs.learnuppakistan.com/general-knowledge/sports-science-awards-culture/set-3.html]
[mcqs.learnuppakistan.com/general-knowledge/sports-science-awards-culture/set-4.html]
[mcqs.learnuppakistan.com/general-knowledge/sports-science-awards-culture/set-5.html]
[mcqs.learnuppakistan.com/general-knowledge/sports-science-awards-culture/set-6.html]
[mcqs.learnuppakistan.com/general-knowledge/sports-science-awards-culture/set-7.html]
[mcqs.learnuppakistan.com/general-knowledge/sports-science-awards-culture/set-8.html]
[mcqs.learnuppakistan.com/general-knowledge/sports-science-awards-culture/set-9.html]
[mcqs.learnuppakistan.com/general-knowledge/sports-science-awards-culture/set-10.html]
[mcqs.learnuppakistan.com/islamic-studies/islamic-culture-society/set-1.html]
[mcqs.learnuppakistan.com/islamic-studies/islamic-culture-society/set-2.html]
[mcqs.learnuppakistan.com/islamic-studies/islamic-culture-society/set-3.html]
[mcqs.learnuppakistan.com/islamic-studies/islamic-culture-society/set-4.html]
[mcqs.learnuppakistan.com/islamic-studies/islamic-culture-society/set-5.html]
[mcqs.learnuppakistan.com/islamic-studies/islamic-culture-society/set-6.html]
[mcqs.learnuppakistan.com/islamic-studies/islamic-culture-society/set-7.html]
[mcqs.learnuppakistan.com/islamic-studies/islamic-culture-society/set-8.html]
[mcqs.learnuppakistan.com/islamic-studies/islamic-culture-society/set-9.html]
[mcqs.learnuppakistan.com/islamic-studies/islamic-culture-society/set-10.html]
[mcqs.learnuppakistan.com/islamic-studies/prophets-islamic-history/set-1.html]
[mcqs.learnuppakistan.com/islamic-studies/prophets-islamic-history/set-2.html]
[mcqs.learnuppakistan.com/islamic-studies/prophets-islamic-history/set-3.html]
[mcqs.learnuppakistan.com/islamic-studies/prophets-islamic-history/set-4.html]
[mcqs.learnuppakistan.com/islamic-studies/prophets-islamic-history/set-5.html]
[mcqs.learnuppakistan.com/islamic-studies/prophets-islamic-history/set-6.html]
[mcqs.learnuppakistan.com/islamic-studies/prophets-islamic-history/set-7.html]
[mcqs.learnuppakistan.com/islamic-studies/prophets-islamic-history/set-8.html]
[mcqs.learnuppakistan.com/islamic-studies/prophets-islamic-history/set-9.html]
[mcqs.learnuppakistan.com/islamic-studies/prophets-islamic-history/set-10.html]
[mcqs.learnuppakistan.com/islamic-studies/quran-hadith-beliefs/set-1.html]
[mcqs.learnuppakistan.com/islamic-studies/quran-hadith-beliefs/set-2.html]
[mcqs.learnuppakistan.com/islamic-studies/quran-hadith-beliefs/set-3.html]
[mcqs.learnuppakistan.com/islamic-studies/quran-hadith-beliefs/set-4.html]
[mcqs.learnuppakistan.com/islamic-studies/quran-hadith-beliefs/set-5.html]
[mcqs.learnuppakistan.com/islamic-studies/quran-hadith-beliefs/set-6.html]
[mcqs.learnuppakistan.com/islamic-studies/quran-hadith-beliefs/set-7.html]
[mcqs.learnuppakistan.com/islamic-studies/quran-hadith-beliefs/set-8.html]
[mcqs.learnuppakistan.com/islamic-studies/quran-hadith-beliefs/set-9.html]
[mcqs.learnuppakistan.com/islamic-studies/quran-hadith-beliefs/set-10.html]
[mcqs.learnuppakistan.com/pakistan-studies/constitutional-history-politics/set-1.html]
[mcqs.learnuppakistan.com/pakistan-studies/constitutional-history-politics/set-2.html]
[mcqs.learnuppakistan.com/pakistan-studies/constitutional-history-politics/set-3.html]
[mcqs.learnuppakistan.com/pakistan-studies/constitutional-history-politics/set-4.html]
[mcqs.learnuppakistan.com/pakistan-studies/constitutional-history-politics/set-5.html]
[mcqs.learnuppakistan.com/pakistan-studies/constitutional-history-politics/set-6.html]
[mcqs.learnuppakistan.com/pakistan-studies/constitutional-history-politics/set-7.html]
[mcqs.learnuppakistan.com/pakistan-studies/constitutional-history-politics/set-8.html]
[mcqs.learnuppakistan.com/pakistan-studies/constitutional-history-politics/set-9.html]
[mcqs.learnuppakistan.com/pakistan-studies/constitutional-history-politics/set-10.html]
[mcqs.learnuppakistan.com/pakistan-studies/culture-heritage-society/set-1.html]
[mcqs.learnuppakistan.com/pakistan-studies/culture-heritage-society/set-2.html]
[mcqs.learnuppakistan.com/pakistan-studies/culture-heritage-society/set-3.html]
[mcqs.learnuppakistan.com/pakistan-studies/culture-heritage-society/set-4.html]
[mcqs.learnuppakistan.com/pakistan-studies/culture-heritage-society/set-5.html]
[mcqs.learnuppakistan.com/pakistan-studies/culture-heritage-society/set-6.html]
[mcqs.learnuppakistan.com/pakistan-studies/culture-heritage-society/set-7.html]
[mcqs.learnuppakistan.com/pakistan-studies/culture-heritage-society/set-8.html]
[mcqs.learnuppakistan.com/pakistan-studies/culture-heritage-society/set-9.html]
[mcqs.learnuppakistan.com/pakistan-studies/culture-heritage-society/set-10.html]
[mcqs.learnuppakistan.com/pakistan-studies/geography-environment/set-1.html]
[mcqs.learnuppakistan.com/pakistan-studies/geography-environment/set-2.html]
[mcqs.learnuppakistan.com/pakistan-studies/geography-environment/set-3.html]
[mcqs.learnuppakistan.com/pakistan-studies/geography-environment/set-4.html]
[mcqs.learnuppakistan.com/pakistan-studies/geography-environment/set-5.html]
[mcqs.learnuppakistan.com/pakistan-studies/geography-environment/set-6.html]
[mcqs.learnuppakistan.com/pakistan-studies/geography-environment/set-7.html]
[mcqs.learnuppakistan.com/pakistan-studies/geography-environment/set-8.html]
[mcqs.learnuppakistan.com/pakistan-studies/geography-environment/set-9.html]
[mcqs.learnuppakistan.com/pakistan-studies/geography-environment/set-10.html]
[mcqs.learnuppakistan.com/english/analogies/set-1.html]
[mcqs.learnuppakistan.com/english/analogies/set-2.html]
[mcqs.learnuppakistan.com/english/antonyms/set-1.html]
[mcqs.learnuppakistan.com/english/antonyms/set-2.html]
[mcqs.learnuppakistan.com/english/conceptual-vocabulary/set-1.html]
[mcqs.learnuppakistan.com/english/conceptual-vocabulary/set-2.html]
[mcqs.learnuppakistan.com/english/conditionals/set-1.html]
[mcqs.learnuppakistan.com/english/conditionals/had been.d2.delayed]
[mcqs.learnuppakistan.com/english/conditionals/set-2.html]
[mcqs.learnuppakistan.com/english/conditionals/set-3.html]
[mcqs.learnuppakistan.com/english/functions/set-1.html]
[mcqs.learnuppakistan.com/english/functions/set-2.html]
[mcqs.learnuppakistan.com/english/functions/set-3.html]
[mcqs.learnuppakistan.com/english/parts-of-speech/set-1.html]
[mcqs.learnuppakistan.com/english/parts-of-speech/set-2.html]
[mcqs.learnuppakistan.com/english/parts-of-speech/set-3.html]
[mcqs.learnuppakistan.com/english/prefixes/set-1.html]
[mcqs.learnuppakistan.com/english/prefixes/set-2.html]
[mcqs.learnuppakistan.com/english/suffixes/set-1.html]
[mcqs.learnuppakistan.com/english/suffixes/set-2.html]
[mcqs.learnuppakistan.com/english/suffixes/set-3.html]
[mcqs.learnuppakistan.com/english/conditionals/had been.html]
